Copyright 1986-2017 Xilinx, Inc. All Rights Reserved.
--------------------------------------------------------------------------------------------
| Tool Version : Vivado v.2017.4 (win64) Build 2086221 Fri Dec 15 20:55:39 MST 2017
| Date         : Thu Jul 19 15:08:03 2018
| Host         : LB-201803132255 running 64-bit major release  (build 9200)
| Command      : report_clock_utilization -file system_wrapper_clock_utilization_routed.rpt
| Design       : system_wrapper
| Device       : 7z035-ffg676
| Speed File   : -2  PRODUCTION 1.11 2014-09-11
--------------------------------------------------------------------------------------------

Clock Utilization Report

Table of Contents
-----------------
1. Clock Primitive Utilization
2. Global Clock Resources
3. Global Clock Source Details
4. Clock Regions: Key Resource Utilization
5. Clock Regions : Global Clock Summary
6. Device Cell Placement Summary for Global Clock g0
7. Device Cell Placement Summary for Global Clock g1
8. Device Cell Placement Summary for Global Clock g2
9. Device Cell Placement Summary for Global Clock g3
10. Device Cell Placement Summary for Global Clock g4
11. Clock Region Cell Placement per Global Clock: Region X0Y3
12. Clock Region Cell Placement per Global Clock: Region X0Y4
13. Clock Region Cell Placement per Global Clock: Region X0Y5
14. Clock Region Cell Placement per Global Clock: Region X0Y6
15. Clock Region Cell Placement per Global Clock: Region X1Y6

1. Clock Primitive Utilization
------------------------------

+----------+------+-----------+-----+--------------+--------+
| Type     | Used | Available | LOC | Clock Region | Pblock |
+----------+------+-----------+-----+--------------+--------+
| BUFGCTRL |    4 |        32 |   0 |            0 |      0 |
| BUFH     |    0 |       168 |   0 |            0 |      0 |
| BUFIO    |    1 |        32 |   1 |            0 |      0 |
| BUFMR    |    0 |        16 |   0 |            0 |      0 |
| BUFR     |    1 |        32 |   0 |            0 |      0 |
| MMCM     |    1 |         8 |   0 |            0 |      0 |
| PLL      |    0 |         8 |   0 |            0 |      0 |
+----------+------+-----------+-----+--------------+--------+


2. Global Clock Resources
-------------------------

+-----------+-----------+-----------------+------------+----------------+--------------+-------------------+-------------+-----------------+--------------+-------------------+-------------------------------------------------------------------------------------------------------------------------------------+-----------------------------------------------------------------------------------------------------------------------------+
| Global Id | Source Id | Driver Type/Pin | Constraint | Site           | Clock Region | Load Clock Region | Clock Loads | Non-Clock Loads | Clock Period | Clock             | Driver Pin                                                                                                                          | Net                                                                                                                         |
+-----------+-----------+-----------------+------------+----------------+--------------+-------------------+-------------+-----------------+--------------+-------------------+-------------------------------------------------------------------------------------------------------------------------------------+-----------------------------------------------------------------------------------------------------------------------------+
| g0        | src0      | BUFG/O          | None       | BUFGCTRL_X0Y18 | n/a          |                 2 |         111 |               0 |        5.000 | clk_fpga_0        | system_i/gmii_to_rgmii_0/U0/i_system_gmii_to_rgmii_0_0_clocking/i_bufg_clk_in/O                                                     | system_i/gmii_to_rgmii_0/U0/i_system_gmii_to_rgmii_0_0_clocking/clkin_out                                                   |
| g1        | src1      | BUFGCTRL/O      | None       | BUFGCTRL_X0Y16 | n/a          |                 3 |          35 |               0 |        8.000 | gmii_clk_125m_out | system_i/gmii_to_rgmii_0/U0/i_gmii_to_rgmii_block/i_bufgmux_gmii_clk/O                                                              | system_i/gmii_to_rgmii_0/U0/i_gmii_to_rgmii_block/gmii_tx_clk                                                               |
| g2        | src2      | BUFG/O          | None       | BUFGCTRL_X0Y19 | n/a          |                 4 |          11 |               0 |        8.000 | rgmii_rx_clk      | system_i/gmii_to_rgmii_0/U0/i_gmii_to_rgmii_block/system_gmii_to_rgmii_0_0_core/i_gmii_to_rgmii/i_gmii_to_rgmii/bufg_rgmii_rx_clk/O | system_i/gmii_to_rgmii_0/U0/i_gmii_to_rgmii_block/system_gmii_to_rgmii_0_0_core/i_gmii_to_rgmii/i_gmii_to_rgmii/gmii_rx_clk |
| g3        | src3      | BUFGCTRL/O      | None       | BUFGCTRL_X0Y17 | n/a          |                 1 |           1 |               0 |       40.000 | Multiple          | system_i/gmii_to_rgmii_0/U0/i_gmii_to_rgmii_block/i_bufgmux_gmii_clk_25m_2_5m/O                                                     | system_i/gmii_to_rgmii_0/U0/i_gmii_to_rgmii_block/gmii_clk_25m_or_2_5m                                                      |
| g4        | src4      | BUFR/O          | None       | BUFR_X1Y25     | X1Y6         |                 1 |           1 |               0 |      400.000 | gmii_clk_2_5m_out | system_i/gmii_to_rgmii_0/U0/i_system_gmii_to_rgmii_0_0_clocking/clk10_div_buf/O                                                     | system_i/gmii_to_rgmii_0/U0/i_system_gmii_to_rgmii_0_0_clocking/gmii_clk_2_5m_out                                           |
+-----------+-----------+-----------------+------------+----------------+--------------+-------------------+-------------+-----------------+--------------+-------------------+-------------------------------------------------------------------------------------------------------------------------------------+-----------------------------------------------------------------------------------------------------------------------------+
* Clock Loads column represents the clock pin loads (pin count)
** Non-Clock Loads column represents the non-clock pin loads (pin count)


3. Global Clock Source Details
------------------------------

+-----------+-----------+--------------------+------------+-----------------+--------------+-------------+-----------------+---------------------+-------------------+---------------------------------------------------------------------------------------+-----------------------------------------------------------------------------------+
| Source Id | Global Id | Driver Type/Pin    | Constraint | Site            | Clock Region | Clock Loads | Non-Clock Loads | Source Clock Period | Source Clock      | Driver Pin                                                                            | Net                                                                               |
+-----------+-----------+--------------------+------------+-----------------+--------------+-------------+-----------------+---------------------+-------------------+---------------------------------------------------------------------------------------+-----------------------------------------------------------------------------------+
| src0      | g0        | PS7/FCLKCLK[0]     | PS7_X0Y0   | PS7_X0Y0        | X0Y6         |           1 |               0 |               5.000 | clk_fpga_0        | system_i/processing_system7_0/inst/PS7_i/FCLKCLK[0]                                   | system_i/processing_system7_0/inst/FCLK_CLK_unbuffered[0]                         |
| src1      | g1        | BUFGCTRL/O         | None       | BUFGCTRL_X0Y17  | n/a          |           1 |               0 |              40.000 | Multiple          | system_i/gmii_to_rgmii_0/U0/i_gmii_to_rgmii_block/i_bufgmux_gmii_clk_25m_2_5m/O       | system_i/gmii_to_rgmii_0/U0/i_gmii_to_rgmii_block/gmii_clk_25m_or_2_5m            |
| src2      | g2,       | IBUF/O             | IOB_X0Y174 | IOB_X0Y174      | X0Y3         |           2 |               0 |               8.000 | rgmii_rx_clk      | system_i/gmii_to_rgmii_0/U0/i_gmii_to_rgmii_block/rgmii_rxc_ibuf_i/O                  | system_i/gmii_to_rgmii_0/U0/i_gmii_to_rgmii_block/rgmii_rxc_ibuf                  |
| src3      | g3        | BUFR/O             | None       | BUFR_X1Y25      | X1Y6         |           1 |               0 |             400.000 | gmii_clk_2_5m_out | system_i/gmii_to_rgmii_0/U0/i_system_gmii_to_rgmii_0_0_clocking/clk10_div_buf/O       | system_i/gmii_to_rgmii_0/U0/i_system_gmii_to_rgmii_0_0_clocking/gmii_clk_2_5m_out |
| src4      | g4        | MMCME2_ADV/CLKOUT2 | None       | MMCME2_ADV_X1Y6 | X1Y6         |           1 |               0 |             100.000 | clk_10            | system_i/gmii_to_rgmii_0/U0/i_system_gmii_to_rgmii_0_0_clocking/mmcm_adv_inst/CLKOUT2 | system_i/gmii_to_rgmii_0/U0/i_system_gmii_to_rgmii_0_0_clocking/clk_10            |
+-----------+-----------+--------------------+------------+-----------------+--------------+-------------+-----------------+---------------------+-------------------+---------------------------------------------------------------------------------------+-----------------------------------------------------------------------------------+
* Clock Loads column represents the clock pin loads (pin count)
** Non-Clock Loads column represents the non-clock pin loads (pin count)


4. Clock Regions: Key Resource Utilization
------------------------------------------

+-------------------+--------------+--------------+--------------+--------------+--------------+--------------+--------------+--------------+--------------+--------------+--------------+--------------+--------------+--------------+--------------+
|                   | Global Clock |     BUFRs    |    BUFMRs    |    BUFIOs    |     MMCM     |      PLL     |      GT      |      PCI     |    ILOGIC    |    OLOGIC    |      FF      |     LUTM     |    RAMB18    |    RAMB36    |    DSP48E2   |
+-------------------+------+-------+------+-------+------+-------+------+-------+------+-------+------+-------+------+-------+------+-------+------+-------+------+-------+------+-------+------+-------+------+-------+------+-------+------+-------+
| Clock Region Name | Used | Avail | Used | Avail | Used | Avail | Used | Avail | Used | Avail | Used | Avail | Used | Avail | Used | Avail | Used | Avail | Used | Avail | Used | Avail | Used | Avail | Used | Avail | Used | Avail | Used | Avail |
+-------------------+------+-------+------+-------+------+-------+------+-------+------+-------+------+-------+------+-------+------+-------+------+-------+------+-------+------+-------+------+-------+------+-------+------+-------+------+-------+
| X0Y0              |    0 |    12 |    0 |     4 |    0 |     2 |    0 |     4 |    0 |     1 |    0 |     1 |    0 |     0 |    0 |     0 |    0 |    50 |    0 |    50 |    0 |  4500 |    0 |  1600 |    0 |    80 |    0 |    40 |    0 |    80 |
| X1Y0              |    0 |    12 |    0 |     0 |    0 |     0 |    0 |     0 |    0 |     0 |    0 |     0 |    0 |     4 |    0 |     0 |    0 |     0 |    0 |     0 |    0 |  3700 |    0 |  1050 |    0 |    80 |    0 |    40 |    0 |    60 |
| X0Y1              |    0 |    12 |    0 |     4 |    0 |     2 |    0 |     4 |    0 |     1 |    0 |     1 |    0 |     0 |    0 |     0 |    0 |    50 |    0 |    50 |    0 |  4500 |    0 |  1600 |    0 |    80 |    0 |    40 |    0 |    80 |
| X1Y1              |    0 |    12 |    0 |     0 |    0 |     0 |    0 |     0 |    0 |     0 |    0 |     0 |    0 |     4 |    0 |     0 |    0 |     0 |    0 |     0 |    0 |  3700 |    0 |  1050 |    0 |    80 |    0 |    40 |    0 |    60 |
| X0Y2              |    0 |    12 |    0 |     4 |    0 |     2 |    0 |     4 |    0 |     1 |    0 |     1 |    0 |     0 |    0 |     0 |    0 |    50 |    0 |    50 |    0 |  4500 |    0 |  1600 |    0 |    80 |    0 |    40 |    0 |    80 |
| X1Y2              |    0 |    12 |    0 |     0 |    0 |     0 |    0 |     0 |    0 |     0 |    0 |     0 |    0 |     4 |    0 |     0 |    0 |     0 |    0 |     0 |    0 |  3700 |    0 |  1050 |    0 |    80 |    0 |    40 |    0 |    60 |
| X0Y3              |    4 |    12 |    0 |     4 |    0 |     2 |    1 |     4 |    0 |     1 |    0 |     1 |    0 |     0 |    0 |     0 |    5 |    50 |    6 |    50 |  128 |  4500 |   68 |  1600 |    0 |    80 |    0 |    40 |    0 |    80 |
| X1Y3              |    0 |    12 |    0 |     0 |    0 |     0 |    0 |     0 |    0 |     0 |    0 |     0 |    0 |     4 |    0 |     1 |    0 |     0 |    0 |     0 |    0 |  3550 |    0 |  1000 |    0 |    70 |    0 |    35 |    0 |    60 |
| X0Y4              |    1 |    12 |    0 |     4 |    0 |     2 |    0 |     4 |    0 |     1 |    0 |     1 |    0 |     0 |    0 |     0 |    0 |    50 |    0 |    50 |    6 |  4500 |    6 |  1600 |    0 |    80 |    0 |    40 |    0 |    80 |
| X1Y4              |    0 |    12 |    0 |     4 |    0 |     2 |    0 |     4 |    0 |     1 |    0 |     1 |    0 |     0 |    0 |     0 |    0 |    50 |    0 |    50 |    0 |  4100 |    0 |  1150 |    0 |   100 |    0 |    50 |    0 |    60 |
| X0Y5              |    2 |    12 |    0 |     0 |    0 |     0 |    0 |     0 |    0 |     0 |    0 |     0 |    0 |     0 |    0 |     0 |    0 |     0 |    0 |     0 |   12 |  3200 |   12 |  1000 |    0 |    40 |    0 |    20 |    0 |    40 |
| X1Y5              |    0 |    12 |    0 |     4 |    0 |     2 |    0 |     4 |    0 |     1 |    0 |     1 |    0 |     0 |    0 |     0 |    0 |    50 |    0 |    50 |    0 |  3500 |    0 |  1150 |    0 |   100 |    0 |    50 |    0 |    60 |
| X0Y6              |    2 |    12 |    0 |     0 |    0 |     0 |    0 |     0 |    0 |     0 |    0 |     0 |    0 |     0 |    0 |     0 |    0 |     0 |    0 |     0 |    0 |  3200 |    0 |  1000 |    0 |    40 |    0 |    20 |    0 |    40 |
| X1Y6              |    1 |    12 |    1 |     4 |    0 |     2 |    0 |     4 |    1 |     1 |    0 |     1 |    0 |     0 |    0 |     0 |    0 |    50 |    0 |    50 |    0 |  3500 |    0 |  1150 |    0 |   100 |    0 |    50 |    0 |    60 |
+-------------------+------+-------+------+-------+------+-------+------+-------+------+-------+------+-------+------+-------+------+-------+------+-------+------+-------+------+-------+------+-------+------+-------+------+-------+------+-------+
* Global Clock column represents track count; while other columns represents cell counts


5. Clock Regions : Global Clock Summary
---------------------------------------

All Modules
+----+----+----+
|    | X0 | X1 |
+----+----+----+
| Y6 |  2 |  1 |
| Y5 |  2 |  0 |
| Y4 |  1 |  0 |
| Y3 |  4 |  0 |
| Y2 |  0 |  0 |
| Y1 |  0 |  0 |
| Y0 |  0 |  0 |
+----+----+----+


6. Device Cell Placement Summary for Global Clock g0
----------------------------------------------------

+-----------+-----------------+-------------------+------------+-------------+---------------+-------------+----------+----------------+----------+---------------------------------------------------------------------------+
| Global Id | Driver Type/Pin | Driver Region (D) | Clock      | Period (ns) | Waveform (ns) | Slice Loads | IO Loads | Clocking Loads | GT Loads | Net                                                                       |
+-----------+-----------------+-------------------+------------+-------------+---------------+-------------+----------+----------------+----------+---------------------------------------------------------------------------+
| g0        | BUFG/O          | n/a               | clk_fpga_0 |       5.000 | {0.000 2.500} |         110 |        0 |              1 |        0 | system_i/gmii_to_rgmii_0/U0/i_system_gmii_to_rgmii_0_0_clocking/clkin_out |
+-----------+-----------------+-------------------+------------+-------------+---------------+-------------+----------+----------------+----------+---------------------------------------------------------------------------+
* Logic Loads column represents load cell count of all cell types other than IO, GT and clock resources
** IO Loads column represents load cell count of IO types
*** Clocking Loads column represents load cell count that are clock resources (global clock buffer, MMCM, PLL, etc)
**** GT Loads column represents load cell count of GT types


+----+------+----+
|    | X0   | X1 |
+----+------+----+
| Y6 |    0 |  1 |
| Y5 |    0 |  0 |
| Y4 |    0 |  0 |
| Y3 |  110 |  0 |
| Y2 |    0 |  0 |
| Y1 |    0 |  0 |
| Y0 |    0 |  0 |
+----+------+----+


7. Device Cell Placement Summary for Global Clock g1
----------------------------------------------------

+-----------+-----------------+-------------------+-------------------+-------------+---------------+-------------+----------+----------------+----------+---------------------------------------------------------------+
| Global Id | Driver Type/Pin | Driver Region (D) | Clock             | Period (ns) | Waveform (ns) | Slice Loads | IO Loads | Clocking Loads | GT Loads | Net                                                           |
+-----------+-----------------+-------------------+-------------------+-------------+---------------+-------------+----------+----------------+----------+---------------------------------------------------------------+
| g1        | BUFGCTRL/O      | n/a               | gmii_clk_125m_out |       8.000 | {0.000 4.000} |          35 |        0 |              0 |        0 | system_i/gmii_to_rgmii_0/U0/i_gmii_to_rgmii_block/gmii_tx_clk |
+-----------+-----------------+-------------------+-------------------+-------------+---------------+-------------+----------+----------------+----------+---------------------------------------------------------------+
* Logic Loads column represents load cell count of all cell types other than IO, GT and clock resources
** IO Loads column represents load cell count of IO types
*** Clocking Loads column represents load cell count that are clock resources (global clock buffer, MMCM, PLL, etc)
**** GT Loads column represents load cell count of GT types


+----+-----+----+
|    | X0  | X1 |
+----+-----+----+
| Y6 |   1 |  0 |
| Y5 |  10 |  0 |
| Y4 |   0 |  0 |
| Y3 |  24 |  0 |
| Y2 |   0 |  0 |
| Y1 |   0 |  0 |
| Y0 |   0 |  0 |
+----+-----+----+


8. Device Cell Placement Summary for Global Clock g2
----------------------------------------------------

+-----------+-----------------+-------------------+--------------+-------------+---------------+-------------+----------+----------------+----------+-----------------------------------------------------------------------------------------------------------------------------+
| Global Id | Driver Type/Pin | Driver Region (D) | Clock        | Period (ns) | Waveform (ns) | Slice Loads | IO Loads | Clocking Loads | GT Loads | Net                                                                                                                         |
+-----------+-----------------+-------------------+--------------+-------------+---------------+-------------+----------+----------------+----------+-----------------------------------------------------------------------------------------------------------------------------+
| g2        | BUFG/O          | n/a               | rgmii_rx_clk |       8.000 | {0.000 4.000} |          11 |        0 |              0 |        0 | system_i/gmii_to_rgmii_0/U0/i_gmii_to_rgmii_block/system_gmii_to_rgmii_0_0_core/i_gmii_to_rgmii/i_gmii_to_rgmii/gmii_rx_clk |
+-----------+-----------------+-------------------+--------------+-------------+---------------+-------------+----------+----------------+----------+-----------------------------------------------------------------------------------------------------------------------------+
* Logic Loads column represents load cell count of all cell types other than IO, GT and clock resources
** IO Loads column represents load cell count of IO types
*** Clocking Loads column represents load cell count that are clock resources (global clock buffer, MMCM, PLL, etc)
**** GT Loads column represents load cell count of GT types


+----+----+----+
|    | X0 | X1 |
+----+----+----+
| Y6 |  1 |  0 |
| Y5 |  2 |  0 |
| Y4 |  6 |  0 |
| Y3 |  2 |  0 |
| Y2 |  0 |  0 |
| Y1 |  0 |  0 |
| Y0 |  0 |  0 |
+----+----+----+


9. Device Cell Placement Summary for Global Clock g3
----------------------------------------------------

+-----------+-----------------+-------------------+----------+-------------+----------------+-------------+----------+----------------+----------+------------------------------------------------------------------------+
| Global Id | Driver Type/Pin | Driver Region (D) | Clock    | Period (ns) | Waveform (ns)  | Slice Loads | IO Loads | Clocking Loads | GT Loads | Net                                                                    |
+-----------+-----------------+-------------------+----------+-------------+----------------+-------------+----------+----------------+----------+------------------------------------------------------------------------+
| g3        | BUFGCTRL/O      | n/a               | Multiple |      40.000 | {0.000 20.000} |           0 |        0 |              1 |        0 | system_i/gmii_to_rgmii_0/U0/i_gmii_to_rgmii_block/gmii_clk_25m_or_2_5m |
+-----------+-----------------+-------------------+----------+-------------+----------------+-------------+----------+----------------+----------+------------------------------------------------------------------------+
* Logic Loads column represents load cell count of all cell types other than IO, GT and clock resources
** IO Loads column represents load cell count of IO types
*** Clocking Loads column represents load cell count that are clock resources (global clock buffer, MMCM, PLL, etc)
**** GT Loads column represents load cell count of GT types


+----+----+----+
|    | X0 | X1 |
+----+----+----+
| Y6 |  0 |  0 |
| Y5 |  0 |  0 |
| Y4 |  0 |  0 |
| Y3 |  0 |  0 |
| Y2 |  0 |  0 |
| Y1 |  0 |  0 |
| Y0 |  0 |  0 |
+----+----+----+


10. Device Cell Placement Summary for Global Clock g4
-----------------------------------------------------

+-----------+-----------------+-------------------+-------------------+-------------+-----------------+-------------+----------+----------------+----------+-----------------------------------------------------------------------------------+
| Global Id | Driver Type/Pin | Driver Region (D) | Clock             | Period (ns) | Waveform (ns)   | Slice Loads | IO Loads | Clocking Loads | GT Loads | Net                                                                               |
+-----------+-----------------+-------------------+-------------------+-------------+-----------------+-------------+----------+----------------+----------+-----------------------------------------------------------------------------------+
| g4        | BUFR/O          | X1Y6              | gmii_clk_2_5m_out |     400.000 | {0.000 200.000} |           0 |        0 |              1 |        0 | system_i/gmii_to_rgmii_0/U0/i_system_gmii_to_rgmii_0_0_clocking/gmii_clk_2_5m_out |
+-----------+-----------------+-------------------+-------------------+-------------+-----------------+-------------+----------+----------------+----------+-----------------------------------------------------------------------------------+
* Logic Loads column represents load cell count of all cell types other than IO, GT and clock resources
** IO Loads column represents load cell count of IO types
*** Clocking Loads column represents load cell count that are clock resources (global clock buffer, MMCM, PLL, etc)
**** GT Loads column represents load cell count of GT types


+----+----+--------+
|    | X0 | X1     |
+----+----+--------+
| Y6 |  0 |  (D) 0 |
| Y5 |  0 |      0 |
| Y4 |  0 |      0 |
| Y3 |  0 |      0 |
| Y2 |  0 |      0 |
| Y1 |  0 |      0 |
| Y0 |  0 |      0 |
+----+----+--------+


11. Clock Region Cell Placement per Global Clock: Region X0Y3
-------------------------------------------------------------

+-----------+-------+-----------------+------------+-------------+-----------------+-----+--------+------+-----+----+------+-----+---------+-----------------------------------------------------------------------------------------------------------------------------+
| Global Id | Track | Driver Type/Pin | Constraint | Clock Loads | Non-Clock Loads | FF  | LUTRAM | RAMB | DSP | GT | MMCM | PLL | Hard IP | Net                                                                                                                         |
+-----------+-------+-----------------+------------+-------------+-----------------+-----+--------+------+-----+----+------+-----+---------+-----------------------------------------------------------------------------------------------------------------------------+
| g0        | n/a   | BUFG/O          | None       |         110 |               0 | 108 |      1 |    0 |   0 |  0 |    0 |   0 |       0 | system_i/gmii_to_rgmii_0/U0/i_system_gmii_to_rgmii_0_0_clocking/clkin_out                                                   |
| g1        | n/a   | BUFGCTRL/O      | None       |          24 |               0 |  18 |      0 |    0 |   0 |  0 |    0 |   0 |       0 | system_i/gmii_to_rgmii_0/U0/i_gmii_to_rgmii_block/gmii_tx_clk                                                               |
| g2        | n/a   | BUFG/O          | None       |           2 |               0 |   2 |      0 |    0 |   0 |  0 |    0 |   0 |       0 | system_i/gmii_to_rgmii_0/U0/i_gmii_to_rgmii_block/system_gmii_to_rgmii_0_0_core/i_gmii_to_rgmii/i_gmii_to_rgmii/gmii_rx_clk |
+-----------+-------+-----------------+------------+-------------+-----------------+-----+--------+------+-----+----+------+-----+---------+-----------------------------------------------------------------------------------------------------------------------------+
* Clock Loads column represents the clock pin loads (pin count)
** Non-Clock Loads column represents the non-clock pin loads (pin count)
*** Columns FF, LUTRAM, RAMB through 'Hard IP' represents load cell counts


12. Clock Region Cell Placement per Global Clock: Region X0Y4
-------------------------------------------------------------

+-----------+-------+-----------------+------------+-------------+-----------------+----+--------+------+-----+----+------+-----+---------+-----------------------------------------------------------------------------------------------------------------------------+
| Global Id | Track | Driver Type/Pin | Constraint | Clock Loads | Non-Clock Loads | FF | LUTRAM | RAMB | DSP | GT | MMCM | PLL | Hard IP | Net                                                                                                                         |
+-----------+-------+-----------------+------------+-------------+-----------------+----+--------+------+-----+----+------+-----+---------+-----------------------------------------------------------------------------------------------------------------------------+
| g2        | n/a   | BUFG/O          | None       |           6 |               0 |  6 |      0 |    0 |   0 |  0 |    0 |   0 |       0 | system_i/gmii_to_rgmii_0/U0/i_gmii_to_rgmii_block/system_gmii_to_rgmii_0_0_core/i_gmii_to_rgmii/i_gmii_to_rgmii/gmii_rx_clk |
+-----------+-------+-----------------+------------+-------------+-----------------+----+--------+------+-----+----+------+-----+---------+-----------------------------------------------------------------------------------------------------------------------------+
* Clock Loads column represents the clock pin loads (pin count)
** Non-Clock Loads column represents the non-clock pin loads (pin count)
*** Columns FF, LUTRAM, RAMB through 'Hard IP' represents load cell counts


13. Clock Region Cell Placement per Global Clock: Region X0Y5
-------------------------------------------------------------

+-----------+-------+-----------------+------------+-------------+-----------------+----+--------+------+-----+----+------+-----+---------+-----------------------------------------------------------------------------------------------------------------------------+
| Global Id | Track | Driver Type/Pin | Constraint | Clock Loads | Non-Clock Loads | FF | LUTRAM | RAMB | DSP | GT | MMCM | PLL | Hard IP | Net                                                                                                                         |
+-----------+-------+-----------------+------------+-------------+-----------------+----+--------+------+-----+----+------+-----+---------+-----------------------------------------------------------------------------------------------------------------------------+
| g1        | n/a   | BUFGCTRL/O      | None       |          10 |               0 | 10 |      0 |    0 |   0 |  0 |    0 |   0 |       0 | system_i/gmii_to_rgmii_0/U0/i_gmii_to_rgmii_block/gmii_tx_clk                                                               |
| g2        | n/a   | BUFG/O          | None       |           2 |               0 |  2 |      0 |    0 |   0 |  0 |    0 |   0 |       0 | system_i/gmii_to_rgmii_0/U0/i_gmii_to_rgmii_block/system_gmii_to_rgmii_0_0_core/i_gmii_to_rgmii/i_gmii_to_rgmii/gmii_rx_clk |
+-----------+-------+-----------------+------------+-------------+-----------------+----+--------+------+-----+----+------+-----+---------+-----------------------------------------------------------------------------------------------------------------------------+
* Clock Loads column represents the clock pin loads (pin count)
** Non-Clock Loads column represents the non-clock pin loads (pin count)
*** Columns FF, LUTRAM, RAMB through 'Hard IP' represents load cell counts


14. Clock Region Cell Placement per Global Clock: Region X0Y6
-------------------------------------------------------------

+-----------+-------+-----------------+------------+-------------+-----------------+----+--------+------+-----+----+------+-----+---------+-----------------------------------------------------------------------------------------------------------------------------+
| Global Id | Track | Driver Type/Pin | Constraint | Clock Loads | Non-Clock Loads | FF | LUTRAM | RAMB | DSP | GT | MMCM | PLL | Hard IP | Net                                                                                                                         |
+-----------+-------+-----------------+------------+-------------+-----------------+----+--------+------+-----+----+------+-----+---------+-----------------------------------------------------------------------------------------------------------------------------+
| g1        | n/a   | BUFGCTRL/O      | None       |           1 |               0 |  0 |      0 |    0 |   0 |  0 |    0 |   0 |       0 | system_i/gmii_to_rgmii_0/U0/i_gmii_to_rgmii_block/gmii_tx_clk                                                               |
| g2        | n/a   | BUFG/O          | None       |           1 |               0 |  0 |      0 |    0 |   0 |  0 |    0 |   0 |       0 | system_i/gmii_to_rgmii_0/U0/i_gmii_to_rgmii_block/system_gmii_to_rgmii_0_0_core/i_gmii_to_rgmii/i_gmii_to_rgmii/gmii_rx_clk |
+-----------+-------+-----------------+------------+-------------+-----------------+----+--------+------+-----+----+------+-----+---------+-----------------------------------------------------------------------------------------------------------------------------+
* Clock Loads column represents the clock pin loads (pin count)
** Non-Clock Loads column represents the non-clock pin loads (pin count)
*** Columns FF, LUTRAM, RAMB through 'Hard IP' represents load cell counts


15. Clock Region Cell Placement per Global Clock: Region X1Y6
-------------------------------------------------------------

+-----------+-------+-----------------+------------+-------------+-----------------+----+--------+------+-----+----+------+-----+---------+---------------------------------------------------------------------------+
| Global Id | Track | Driver Type/Pin | Constraint | Clock Loads | Non-Clock Loads | FF | LUTRAM | RAMB | DSP | GT | MMCM | PLL | Hard IP | Net                                                                       |
+-----------+-------+-----------------+------------+-------------+-----------------+----+--------+------+-----+----+------+-----+---------+---------------------------------------------------------------------------+
| g0        | n/a   | BUFG/O          | None       |           1 |               0 |  0 |      0 |    0 |   0 |  0 |    1 |   0 |       0 | system_i/gmii_to_rgmii_0/U0/i_system_gmii_to_rgmii_0_0_clocking/clkin_out |
+-----------+-------+-----------------+------------+-------------+-----------------+----+--------+------+-----+----+------+-----+---------+---------------------------------------------------------------------------+
* Clock Loads column represents the clock pin loads (pin count)
** Non-Clock Loads column represents the non-clock pin loads (pin count)
*** Columns FF, LUTRAM, RAMB through 'Hard IP' represents load cell counts



# Location of BUFG Primitives 
set_property LOC BUFGCTRL_X0Y18 [get_cells system_i/gmii_to_rgmii_0/U0/i_system_gmii_to_rgmii_0_0_clocking/i_bufg_clk_in]
set_property LOC BUFGCTRL_X0Y19 [get_cells system_i/gmii_to_rgmii_0/U0/i_gmii_to_rgmii_block/system_gmii_to_rgmii_0_0_core/i_gmii_to_rgmii/i_gmii_to_rgmii/bufg_rgmii_rx_clk]
set_property LOC BUFGCTRL_X0Y16 [get_cells system_i/gmii_to_rgmii_0/U0/i_gmii_to_rgmii_block/i_bufgmux_gmii_clk]
set_property LOC BUFGCTRL_X0Y17 [get_cells system_i/gmii_to_rgmii_0/U0/i_gmii_to_rgmii_block/i_bufgmux_gmii_clk_25m_2_5m]

# Location of BUFIO Primitives 
set_property LOC BUFIO_X0Y13 [get_cells system_i/gmii_to_rgmii_0/U0/i_gmii_to_rgmii_block/system_gmii_to_rgmii_0_0_core/i_gmii_to_rgmii/i_gmii_to_rgmii/bufio_rgmii_rx_clk]

# Location of BUFR Primitives 
set_property LOC BUFR_X1Y25 [get_cells system_i/gmii_to_rgmii_0/U0/i_system_gmii_to_rgmii_0_0_clocking/clk10_div_buf]

# Location of IO Primitives which is load of clock spine

# Location of clock ports
set_property LOC IOB_X0Y174 [get_ports rgmii_rxc]

# Clock net "system_i/gmii_to_rgmii_0/U0/i_system_gmii_to_rgmii_0_0_clocking/clkin_out" driven by instance "system_i/gmii_to_rgmii_0/U0/i_system_gmii_to_rgmii_0_0_clocking/i_bufg_clk_in" located at site "BUFGCTRL_X0Y18"
#startgroup
create_pblock {CLKAG_system_i/gmii_to_rgmii_0/U0/i_system_gmii_to_rgmii_0_0_clocking/clkin_out}
add_cells_to_pblock [get_pblocks  {CLKAG_system_i/gmii_to_rgmii_0/U0/i_system_gmii_to_rgmii_0_0_clocking/clkin_out}] [get_cells -filter { PRIMITIVE_GROUP != I/O && IS_PRIMITIVE==1 && PRIMITIVE_LEVEL !=INTERNAL && NAME!=system_i/gmii_to_rgmii_0/U0/i_system_gmii_to_rgmii_0_0_clocking/mmcm_adv_inst} -of_object [get_pins -filter {DIRECTION==IN} -of_objects [get_nets -hierarchical -filter {PARENT=="system_i/gmii_to_rgmii_0/U0/i_system_gmii_to_rgmii_0_0_clocking/clkin_out"}]]]
resize_pblock [get_pblocks {CLKAG_system_i/gmii_to_rgmii_0/U0/i_system_gmii_to_rgmii_0_0_clocking/clkin_out}] -add {CLOCKREGION_X0Y3:CLOCKREGION_X0Y3}
#endgroup

# Clock net "system_i/gmii_to_rgmii_0/U0/i_gmii_to_rgmii_block/system_gmii_to_rgmii_0_0_core/i_gmii_to_rgmii/i_gmii_to_rgmii/gmii_rx_clk" driven by instance "system_i/gmii_to_rgmii_0/U0/i_gmii_to_rgmii_block/system_gmii_to_rgmii_0_0_core/i_gmii_to_rgmii/i_gmii_to_rgmii/bufg_rgmii_rx_clk" located at site "BUFGCTRL_X0Y19"
#startgroup
create_pblock {CLKAG_system_i/gmii_to_rgmii_0/U0/i_gmii_to_rgmii_block/system_gmii_to_rgmii_0_0_core/i_gmii_to_rgmii/i_gmii_to_rgmii/gmii_rx_clk}
add_cells_to_pblock [get_pblocks  {CLKAG_system_i/gmii_to_rgmii_0/U0/i_gmii_to_rgmii_block/system_gmii_to_rgmii_0_0_core/i_gmii_to_rgmii/i_gmii_to_rgmii/gmii_rx_clk}] [get_cells -filter { PRIMITIVE_GROUP != I/O && IS_PRIMITIVE==1 && PRIMITIVE_LEVEL !=INTERNAL } -of_object [get_pins -filter {DIRECTION==IN} -of_objects [get_nets -hierarchical -filter {PARENT=="system_i/gmii_to_rgmii_0/U0/i_gmii_to_rgmii_block/system_gmii_to_rgmii_0_0_core/i_gmii_to_rgmii/i_gmii_to_rgmii/gmii_rx_clk"}]]]
resize_pblock [get_pblocks {CLKAG_system_i/gmii_to_rgmii_0/U0/i_gmii_to_rgmii_block/system_gmii_to_rgmii_0_0_core/i_gmii_to_rgmii/i_gmii_to_rgmii/gmii_rx_clk}] -add {CLOCKREGION_X0Y3:CLOCKREGION_X0Y3 CLOCKREGION_X0Y4:CLOCKREGION_X0Y4 CLOCKREGION_X0Y5:CLOCKREGION_X0Y5 CLOCKREGION_X0Y6:CLOCKREGION_X0Y6}
#endgroup

# Clock net "system_i/gmii_to_rgmii_0/U0/i_gmii_to_rgmii_block/gmii_tx_clk" driven by instance "system_i/gmii_to_rgmii_0/U0/i_gmii_to_rgmii_block/i_bufgmux_gmii_clk" located at site "BUFGCTRL_X0Y16"
#startgroup
create_pblock {CLKAG_system_i/gmii_to_rgmii_0/U0/i_gmii_to_rgmii_block/gmii_tx_clk}
add_cells_to_pblock [get_pblocks  {CLKAG_system_i/gmii_to_rgmii_0/U0/i_gmii_to_rgmii_block/gmii_tx_clk}] [get_cells -filter { PRIMITIVE_GROUP != I/O && IS_PRIMITIVE==1 && PRIMITIVE_LEVEL !=INTERNAL } -of_object [get_pins -filter {DIRECTION==IN} -of_objects [get_nets -hierarchical -filter {PARENT=="system_i/gmii_to_rgmii_0/U0/i_gmii_to_rgmii_block/gmii_tx_clk"}]]]
resize_pblock [get_pblocks {CLKAG_system_i/gmii_to_rgmii_0/U0/i_gmii_to_rgmii_block/gmii_tx_clk}] -add {CLOCKREGION_X0Y3:CLOCKREGION_X0Y3 CLOCKREGION_X0Y5:CLOCKREGION_X0Y5 CLOCKREGION_X0Y6:CLOCKREGION_X0Y6}
#endgroup
