#-----------------------------------------------------------
# Vivado v2016.4 (64-bit)
# SW Build 1733598 on Wed Dec 14 22:35:39 MST 2016
# IP Build 1731160 on Wed Dec 14 23:47:21 MST 2016
# Start of session at: Mon Jul 16 15:52:11 2018
# Process ID: 19320
# Current directory: J:/FEP/ESFP1512/MZ702AB/CH02_PL_AXI_ETH_RGMII/Miz_sys
# Command line: vivado.exe -gui_launcher_event rodinguilauncherevent16552 J:\FEP\ESFP1512\MZ702AB\CH02_PL_AXI_ETH_RGMII\Miz_sys\Miz_sys.xpr
# Log file: J:/FEP/ESFP1512/MZ702AB/CH02_PL_AXI_ETH_RGMII/Miz_sys/vivado.log
# Journal file: J:/FEP/ESFP1512/MZ702AB/CH02_PL_AXI_ETH_RGMII/Miz_sys\vivado.jou
#-----------------------------------------------------------
start_gui
open_project J:/FEP/ESFP1512/MZ702AB/CH02_PL_AXI_ETH_RGMII/Miz_sys/Miz_sys.xpr
open_bd_design {J:/FEP/ESFP1512/MZ702AB/CH02_PL_AXI_ETH_RGMII/Miz_sys/Miz_sys.srcs/sources_1/bd/system/system.bd}
startgroup
set_property -dict [list CONFIG.PCW_CRYSTAL_PERIPHERAL_FREQMHZ {33.3333}] [get_bd_cells processing_system7_0]
endgroup
set_property part xc7z020clg400-2 [current_project]
report_ip_status -name ip_status 
upgrade_ip [get_ips  {system_ps7_0_axi_periph_0 system_axi_mem_intercon_0 system_axi_ethernet_0_0 system_axi_dma_0_0 system_processing_system7_0_0 system_rst_ps7_0_100M_0 system_xlconcat_0_0}] -log ip_upgrade.log
export_ip_user_files -of_objects [get_ips {system_ps7_0_axi_periph_0 system_axi_mem_intercon_0 system_axi_ethernet_0_0 system_axi_dma_0_0 system_processing_system7_0_0 system_rst_ps7_0_100M_0 system_xlconcat_0_0}] -no_script -sync -force -quiet
set_property synth_checkpoint_mode Hierarchical [get_files  J:/FEP/ESFP1512/MZ702AB/CH02_PL_AXI_ETH_RGMII/Miz_sys/Miz_sys.srcs/sources_1/bd/system/system.bd]
generate_target all [get_files  J:/FEP/ESFP1512/MZ702AB/CH02_PL_AXI_ETH_RGMII/Miz_sys/Miz_sys.srcs/sources_1/bd/system/system.bd]
export_ip_user_files -of_objects [get_files J:/FEP/ESFP1512/MZ702AB/CH02_PL_AXI_ETH_RGMII/Miz_sys/Miz_sys.srcs/sources_1/bd/system/system.bd] -no_script -sync -force -quiet
create_ip_run [get_files -of_objects [get_fileset sources_1] J:/FEP/ESFP1512/MZ702AB/CH02_PL_AXI_ETH_RGMII/Miz_sys/Miz_sys.srcs/sources_1/bd/system/system.bd]
launch_runs -jobs 4 {system_processing_system7_0_0_synth_1 system_axi_ethernet_0_0_synth_1 system_axi_dma_0_0_synth_1 system_rst_ps7_0_100M_0_synth_1 system_xlconcat_0_0_synth_1 system_xbar_1_synth_1 system_xbar_0_synth_1 system_auto_pc_0_synth_1 system_auto_us_0_synth_1 system_auto_us_1_synth_1 system_auto_us_2_synth_1 system_auto_pc_1_synth_1}
export_simulation -of_objects [get_files J:/FEP/ESFP1512/MZ702AB/CH02_PL_AXI_ETH_RGMII/Miz_sys/Miz_sys.srcs/sources_1/bd/system/system.bd] -directory J:/FEP/ESFP1512/MZ702AB/CH02_PL_AXI_ETH_RGMII/Miz_sys/Miz_sys.ip_user_files/sim_scripts -ip_user_files_dir J:/FEP/ESFP1512/MZ702AB/CH02_PL_AXI_ETH_RGMII/Miz_sys/Miz_sys.ip_user_files -ipstatic_source_dir J:/FEP/ESFP1512/MZ702AB/CH02_PL_AXI_ETH_RGMII/Miz_sys/Miz_sys.ip_user_files/ipstatic -lib_map_path [list {modelsim=J:/FEP/ESFP1512/MZ702AB/CH02_PL_AXI_ETH_RGMII/Miz_sys/Miz_sys.cache/compile_simlib/modelsim} {questa=J:/FEP/ESFP1512/MZ702AB/CH02_PL_AXI_ETH_RGMII/Miz_sys/Miz_sys.cache/compile_simlib/questa} {riviera=J:/FEP/ESFP1512/MZ702AB/CH02_PL_AXI_ETH_RGMII/Miz_sys/Miz_sys.cache/compile_simlib/riviera} {activehdl=J:/FEP/ESFP1512/MZ702AB/CH02_PL_AXI_ETH_RGMII/Miz_sys/Miz_sys.cache/compile_simlib/activehdl}] -use_ip_compiled_libs -force -quiet
report_ip_status -name ip_status 
startgroup
set_property -dict [list CONFIG.PCW_CRYSTAL_PERIPHERAL_FREQMHZ {33.3333}] [get_bd_cells processing_system7_0]
endgroup
generate_target all [get_files  J:/FEP/ESFP1512/MZ702AB/CH02_PL_AXI_ETH_RGMII/Miz_sys/Miz_sys.srcs/sources_1/bd/system/system.bd]
open_bd_design {J:/FEP/ESFP1512/MZ702AB/CH02_PL_AXI_ETH_RGMII/Miz_sys/Miz_sys.srcs/sources_1/bd/system/system.bd}
validate_bd_design
startgroup
set_property -dict [list CONFIG.PCW_CRYSTAL_PERIPHERAL_FREQMHZ {33.333333} CONFIG.PCW_EN_CLK1_PORT {1}] [get_bd_cells processing_system7_0]
endgroup
open_bd_design {J:/FEP/ESFP1512/MZ702AB/CH02_PL_AXI_ETH_RGMII/Miz_sys/Miz_sys.srcs/sources_1/bd/system/system.bd}
save_bd_design
reset_run synth_1
reset_run system_processing_system7_0_0_synth_1
reset_run system_axi_ethernet_0_0_synth_1
reset_run bd_4bad_eth_buf_0_synth_1
reset_run bd_4bad_eth_mac_0_synth_1
reset_run system_axi_dma_0_0_synth_1
reset_run system_rst_ps7_0_100M_0_synth_1
reset_run system_xbar_1_synth_1
reset_run system_xbar_0_synth_1
launch_runs impl_1 -to_step write_bitstream -jobs 4
wait_on_run impl_1
launch_sdk -workspace J:/FEP/ESFP1512/MZ702AB/CH02_PL_AXI_ETH_RGMII/Miz_sys/Miz_sys.sdk -hwspec J:/FEP/ESFP1512/MZ702AB/CH02_PL_AXI_ETH_RGMII/Miz_sys/Miz_sys.sdk/system_wrapper.hdf
file copy -force J:/FEP/ESFP1512/MZ702AB/CH02_PL_AXI_ETH_RGMII/Miz_sys/Miz_sys.runs/impl_1/system_wrapper.sysdef J:/FEP/ESFP1512/MZ702AB/CH02_PL_AXI_ETH_RGMII/Miz_sys/Miz_sys.sdk/system_wrapper.hdf

launch_sdk -workspace J:/FEP/ESFP1512/MZ702AB/CH02_PL_AXI_ETH_RGMII/Miz_sys/Miz_sys.sdk -hwspec J:/FEP/ESFP1512/MZ702AB/CH02_PL_AXI_ETH_RGMII/Miz_sys/Miz_sys.sdk/system_wrapper.hdf
